     1                                  ; tiny os boot asm code
     2                                  ;
     3                                  
     4                                  BOTPAK  EQU     0x00280000
     5                                  DSKCAC  EQU     0x00100000
     6                                  DSKCAC0 EQU     0x00008000
     7                                  
     8                                  CYLS    EQU     0x0ff0
     9                                  LEDS    EQU     0x0ff1
    10                                  VMODE   EQU     0x0ff2
    11                                  SCRNX   EQU     0x0ff4
    12                                  SCRNY   EQU     0x0ff6
    13                                  VRAM    EQU     0x0ff8
    14                                  
    15                                          ORG     0xc400
    16                                  
    17                                  ; VESA - Get SuperVGA info
    18                                  ; http://www.ctyme.com/intr/rb-0273.htm
    19                                  
    20 00000000 B80090                          MOV     AX,0x9000
    21 00000003 8EC0                            MOV     ES,AX
    22 00000005 BF0000                          MOV     DI,0
    23 00000008 B8004F                          MOV     AX,0x4f00
    24 0000000B CD10                            INT     0x10
    25 0000000D 83F84F                          CMP     AX,0x004f
    26 00000010 7554                            JNE     default_video_mode
    27                                  
    28                                  ; Check VESA version number
    29                                  
    30 00000012 268B4504                        MOV     AX,[ES:DI+4]
    31 00000016 3D0002                          CMP     AX,0x0200
    32 00000019 724B                            JB      default_video_mode          ; if (AX < 0x0200) goto default_video_mode
    33                                  
    34                                  ; Determine the attributes of the specified video mode
    35                                  ; http://www.ctyme.com/intr/rb-0274.htm
    36                                  
    37 0000001B B8014F                          MOV     AX,0x4f01
    38 0000001E B91501                          MOV     CX,0x0115                   ; 800×600 24-bit
    39 00000021 CD10                            INT     0x10
    40 00000023 83F84F                          CMP     AX,0x004f
    41 00000026 753E                            JNE     default_video_mode          ; not support the specified video mode
    42                                  
    43                                  ; Check the video mode
    44                                  ; mode attributes
    45                                  ; bit 0: mode supported if set
    46                                  ;     1: optional information available if set
    47                                  ;     2: BIOS output supported if set
    48                                  ;     3: set if color, clear if monochrome
    49                                  ;     4: set if graphics mode, clear if text mode
    50                                  ;     5: (VBE2) non-VGA mode
    51                                  ;     6: (VBE2) No bank swiotching supported
    52                                  ;     7: (VBE2) Linear framebuffer mode supported 
    53                                  ; memory model type
    54                                  ;   0 Text
    55                                  ;   1 CGA graphics
    56                                  ;   2 Hercules Graphics
    57                                  ;   3 EGA 16 color
    58                                  ;   4 Packed pixels
    59                                  ;   5 Non chain 4 256 color modes
    60                                  ;   6 Direct 15/16/24 bit
    61                                  ;   7 YUV (luminance-chrominance, alos called YIQ)
    62                                  
    63 00000028 26807D1918                      CMP     BYTE [ES:DI+0x19],24        ; 19h number of bits per pixel
    64 0000002D 7537                            JNE     default_video_mode
    65 0000002F 26807D1B06                      CMP     BYTE [ES:DI+0x1b],6         ; 1bh memory model type
    66 00000034 7530                            JNE     default_video_mode
    67 00000036 268B05                          MOV     AX,[ES:DI+0x00]             ; 00h mode attributes
    68 00000039 258000                          AND     AX,0x0080
    69 0000003C 7428                            JZ      default_video_mode
    70                                  
    71 0000003E BB1541                          MOV     BX,0x0115+0x4000
    72 00000041 B8024F                          MOV     AX,0x4f02
    73 00000044 CD10                            INT     0x10
    74 00000046 268A4519                        MOV     AL,[ES:DI+0x19]             ; number of bits per pixel
    75 0000004A A2F20F                          MOV     BYTE [VMODE],AL
    76 0000004D 268B4512                        MOV     AX,[ES:DI+0x12]             ; width in pixels
    77 00000051 A3F40F                          MOV     [SCRNX],AX
    78 00000054 268B4514                        MOV     AX,[ES:DI+0x14]             ; height in pixels
    79 00000058 A3F60F                          MOV     [SCRNY],AX
    80 0000005B 26668B4528                      MOV     EAX,[ES:DI+0x28]            ; Physical address of linear video buffer 
    81 00000060 66A3F80F                        MOV     [VRAM],EAX
    82 00000064 EB20                            JMP     keystatus
    83                                  
    84                                  default_video_mode:
    85 00000066 B013                            MOV     AL,0x13
    86 00000068 B400                            MOV     AH,0x00
    87 0000006A CD10                            INT     0x10
    88 0000006C C606F20F08                      MOV     BYTE [VMODE],8
    89 00000071 C706F40F4001                    MOV     WORD [SCRNX],320
    90 00000077 C706F60FC800                    MOV     WORD [SCRNY],200
    91 0000007D 66C706F80F00000A00              MOV     DWORD [VRAM],0x000a0000
    92                                  
    93                                  keystatus:
    94 00000086 B402                            MOV     AH,0x02
    95 00000088 CD16                            INT     0x16             ; keyboard BIOS
    96 0000008A A2F10F                          MOV     [LEDS],AL
    97                                  
    98                                  ; PIC
    99                                  ;
   100 0000008D B0FF                            MOV     AL,0xff
   101 0000008F E621                            OUT     0x21,AL
   102 00000091 90                              NOP                        ; OUT
   103 00000092 E6A1                            OUT     0xa1,AL
   104                                  
   105 00000094 FA                              CLI                        ;
   106                                  
   107                                  ; CPU
   108                                  
   109 00000095 E8B500                          CALL    waitkbdout
   110 00000098 B0D1                            MOV     AL,0xd1
   111 0000009A E664                            OUT     0x64,AL
   112 0000009C E8AE00                          CALL    waitkbdout
   113 0000009F B0DF                            MOV     AL,0xdf            ; enable A20
   114 000000A1 E660                            OUT     0x60,AL
   115 000000A3 E8A700                          CALL    waitkbdout
   116                                  
   117                                  ; 
   118                                  
   119 000000A6 0F0116[8A01]                    LGDT    [GDTR0]            ; 
   120 000000AB 0F20C0                          MOV     EAX,CR0
   121 000000AE 6625FFFFFF7F                    AND     EAX,0x7fffffff    ; bit31
   122 000000B4 6683C801                        OR      EAX,0x00000001    ; bit0
   123 000000B8 0F22C0                          MOV     CR0,EAX
   124 000000BB EB00                            JMP     pipelineflush
   125                                  pipelineflush:
   126 000000BD B80800                          MOV     AX,1*8            ; 
   127 000000C0 8ED8                            MOV     DS,AX
   128 000000C2 8EC0                            MOV     ES,AX
   129 000000C4 8EE0                            MOV     FS,AX
   130 000000C6 8EE8                            MOV     GS,AX
   131 000000C8 8ED0                            MOV     SS,AX
   132                                  
   133                                  ; bootpack
   134                                  
   135 000000CA 66BE[90010000]                  MOV     ESI,bootpack    ; 
   136 000000D0 66BF00002800                    MOV     EDI,BOTPAK        ; 
   137 000000D6 66B900000200                    MOV     ECX,512*1024/4
   138 000000DC E87500                          CALL    memcpy
   139                                  
   140                                  ; 
   141                                  
   142                                  ; 
   143                                  
   144 000000DF 66BE007C0000                    MOV     ESI,0x7c00        ;
   145 000000E5 66BF00001000                    MOV     EDI,DSKCAC        ;
   146 000000EB 66B980000000                    MOV     ECX,512/4
   147 000000F1 E86000                          CALL    memcpy
   148                                  
   149                                  ; 
   150                                  
   151 000000F4 66BE00820000                    MOV     ESI,DSKCAC0+512    ; 
   152 000000FA 66BF00021000                    MOV     EDI,DSKCAC+512    ; 
   153 00000100 66B900000000                    MOV     ECX,0
   154 00000106 8A0EF00F                        MOV     CL,BYTE [CYLS]
   155 0000010A 6669C900120000                  IMUL    ECX,512*18*2/4    ; 
   156 00000111 6681E980000000                  SUB     ECX,512/4        ; IPL
   157 00000118 E83900                          CALL    memcpy
   158                                  
   159                                  ; asmhead
   160                                  ;
   161                                  
   162                                  ; bootpack
   163                                  
   164 0000011B 66BB00002800                    MOV     EBX,BOTPAK
   165 00000121 67668B4B10                      MOV     ECX,[EBX+16]
   166 00000126 6683C103                        ADD     ECX,3            ; ECX += 3;
   167 0000012A 66C1E902                        SHR     ECX,2            ; ECX /= 4;
   168 0000012E 7410                            JZ      skip            ; 
   169 00000130 67668B7314                      MOV     ESI,[EBX+20]    ; 
   170 00000135 6601DE                          ADD     ESI,EBX
   171 00000138 67668B7B0C                      MOV     EDI,[EBX+12]    ; 
   172 0000013D E81400                          CALL    memcpy
   173                                  skip:
   174 00000140 67668B630C                      MOV     ESP,[EBX+12]    ; 
   175 00000145 66EA1B0000001000                JMP     DWORD 2*8:0x0000001b
   176                                  
   177                                  waitkbdout:
   178 0000014D E464                            IN      AL,0x64
   179 0000014F 2402                            AND     AL,0x02
   180 00000151 75FA                            JNZ     waitkbdout        ; AND
   181 00000153 C3                              RET
   182                                  
   183                                  memcpy:
   184 00000154 67668B06                        MOV     EAX,[ESI]
   185 00000158 6683C604                        ADD     ESI,4
   186 0000015C 67668907                        MOV     [EDI],EAX
   187 00000160 6683C704                        ADD     EDI,4
   188 00000164 6683E901                        SUB     ECX,1
   189 00000168 75EA                            JNZ     memcpy            ; 
   190 0000016A C3                              RET
   191                                  ; memcpy
   192                                  
   193 0000016B <res 00000005>                  ALIGNB  16
   194          ******************       warning: uninitialized space declared in .text section: zeroing
   195                                  GDT0:
   196 00000170 00<rept>                        TIMES   8  DB  0                ; 
   197 00000178 FFFF00000092CF00                DW      0xffff,0x0000,0x9200,0x00cf    ;
   198 00000180 FFFF0000289A4700                DW      0xffff,0x0000,0x9a28,0x0047    ;
   199                                  
   200 00000188 0000                            DW      0
   201                                  GDTR0:
   202 0000018A 1700                            DW      8*3-1
   203 0000018C [70010000]                      DD      GDT0
   204                                  
   205                                          ALIGNB  16
   206                                  bootpack:
   207                                  
