Archive member included because of file (symbol)

golibc/golibc.lib(sprintf.o)  bootpack.o (sprintf)
golibc/golibc.lib(vsprintf.o)
                              golibc/golibc.lib(sprintf.o) (vsprintf)
golibc/golibc.lib(strtoul0.o)
                              golibc/golibc.lib(vsprintf.o) (strtoul0)

Allocating common symbols
Common symbol       size              file

keyfifo             0x18              keyboard.o
mousefifo           0x18              mouse.o

Memory Configuration

Name             Origin             Length             Attributes
*default*        0x0000000000000000 0xffffffffffffffff

Linker script and memory map

LOAD bootpack.o
LOAD asmfunc.o
LOAD font.o
LOAD graphic.o
LOAD dsctbl.o
LOAD int.o
LOAD fifo.o
LOAD keyboard.o
LOAD mouse.o
LOAD golibc/golibc.lib
                0x0000000000000024                . = 0x24

.text           0x0000000000000030     0x1da2
 *(.text)
 .text          0x0000000000000030      0xa75 bootpack.o
                0x0000000000000030                _start
                0x0000000000000666                memtest
                0x000000000000070e                memman_init
                0x000000000000073a                memman_total
                0x0000000000000773                memman_alloc
                0x000000000000085b                memman_free
 *fill*         0x0000000000000aa5        0xb 00
 .text          0x0000000000000ab0      0x102 asmfunc.o
                0x0000000000000ab0                io_hlt
                0x0000000000000ab2                io_cli
                0x0000000000000ab4                io_sti
                0x0000000000000ab6                io_stihlt
                0x0000000000000ab9                io_in8
                0x0000000000000ac4                io_in16
                0x0000000000000ad0                io_in32
                0x0000000000000ad6                io_out8
                0x0000000000000ae0                io_out16
                0x0000000000000aeb                io_out32
                0x0000000000000af5                io_load_eflags
                0x0000000000000af8                io_store_eflags
                0x0000000000000aff                load_gdtr
                0x0000000000000b0f                load_idtr
                0x0000000000000b1f                load_cr0
                0x0000000000000b23                store_cr0
                0x0000000000000b2b                asm_inthandler21
                0x0000000000000b42                asm_inthandler27
                0x0000000000000b59                asm_inthandler2c
                0x0000000000000b70                memtest_sub
 *fill*         0x0000000000000bb2        0x2 00
 .text          0x0000000000000bb4        0x0 font.o
 .text          0x0000000000000bb4      0x6fd graphic.o
                0x0000000000000bb4                init_palette
                0x0000000000000bd8                set_palette
                0x0000000000000c7d                boxfill8
                0x0000000000000cc6                init_screen8
                0x000000000000104d                putfont8
                0x000000000000114a                putfonts8_asc
                0x00000000000011aa                init_mouse_cursor8
                0x0000000000001254                putblock8_8
 *fill*         0x00000000000012b1        0x3 00
 .text          0x00000000000012b4      0x244 dsctbl.o
                0x00000000000012b4                init_gdtidt
                0x000000000000143a                set_segmdesc
                0x00000000000014b4                set_gatedesc
 .text          0x00000000000014f8      0x114 int.o
                0x00000000000014f8                init_pic
                0x00000000000015f0                inthandler27
 .text          0x000000000000160c      0x144 fifo.o
                0x000000000000160c                fifo8_init
                0x0000000000001649                fifo8_put
                0x00000000000016c9                fifo8_get
                0x0000000000001739                fifo8_status
 .text          0x0000000000001750       0x98 keyboard.o
                0x0000000000001750                inthandler21
                0x000000000000178f                wait_KBC_sendready
                0x00000000000017ae                init_keyboard
 .text          0x00000000000017e8      0x1d3 mouse.o
                0x00000000000017e8                inthandler2c
                0x000000000000183b                enable_mouse
                0x000000000000187c                mouse_decode
 *fill*         0x00000000000019bb        0x1 00
 .text          0x00000000000019bc       0x17 golibc/golibc.lib(sprintf.o)
                0x00000000000019bc                sprintf
 *fill*         0x00000000000019d3        0x1 00
 .text          0x00000000000019d4      0x2fd golibc/golibc.lib(vsprintf.o)
                0x00000000000019d4                vsprintf
 *fill*         0x0000000000001cd1        0x3 00
 .text          0x0000000000001cd4       0xfe golibc/golibc.lib(strtoul0.o)
                0x0000000000001d07                strtoul0

.iplt           0x0000000000001de0        0x0
 .iplt          0x0000000000000000        0x0 bootpack.o

.eh_frame       0x0000000000001dd4      0x494
 *(.eh_frame)
 .eh_frame      0x0000000000001dd4       0xe0 bootpack.o
 .eh_frame      0x0000000000001eb4      0x108 graphic.o
                                        0x120 (size before relaxing)
 .eh_frame      0x0000000000001fbc       0x60 dsctbl.o
                                         0x78 (size before relaxing)
 .eh_frame      0x000000000000201c       0x40 int.o
                                         0x58 (size before relaxing)
 .eh_frame      0x000000000000205c       0x80 fifo.o
                                         0x98 (size before relaxing)
 .eh_frame      0x00000000000020dc       0x60 keyboard.o
                                         0x78 (size before relaxing)
 .eh_frame      0x000000000000213c       0x60 mouse.o
                                         0x78 (size before relaxing)
 .eh_frame      0x000000000000219c       0x30 golibc/golibc.lib(sprintf.o)
                                         0x48 (size before relaxing)
 .eh_frame      0x00000000000021cc       0x50 golibc/golibc.lib(vsprintf.o)
                                         0x68 (size before relaxing)
 .eh_frame      0x000000000000221c       0x4c golibc/golibc.lib(strtoul0.o)
                                         0x64 (size before relaxing)
                0x0000000000310000                . = 0x310000

.rodata         0x0000000000310000       0x38
 *(.rodata)
 .rodata        0x0000000000310000       0x38 bootpack.o

.rel.dyn        0x0000000000310038        0x0
 .rel.iplt      0x0000000000000000        0x0 bootpack.o
 .rel.text      0x0000000000000000        0x0 bootpack.o

.data           0x0000000000310040     0x1150
 *(.data)
 .data          0x0000000000310040        0x0 bootpack.o
 .data          0x0000000000310040     0x1000 font.o
                0x0000000000310040                g_font
 .data          0x0000000000311040      0x130 graphic.o
 .data          0x0000000000311170        0x0 dsctbl.o
 .data          0x0000000000311170        0x0 int.o
 .data          0x0000000000311170        0x0 fifo.o
 .data          0x0000000000311170        0x0 keyboard.o
 .data          0x0000000000311170        0x0 mouse.o
 .data          0x0000000000311170        0x0 golibc/golibc.lib(sprintf.o)
 .data          0x0000000000311170       0x20 golibc/golibc.lib(vsprintf.o)
 .data          0x0000000000311190        0x0 golibc/golibc.lib(strtoul0.o)

.igot.plt       0x0000000000311190        0x0
 .igot.plt      0x0000000000000000        0x0 bootpack.o

.bss            0x0000000000311190       0x30
 *(.bss)
 .bss           0x0000000000311190        0x0 bootpack.o
 .bss           0x0000000000311190        0x0 font.o
 .bss           0x0000000000311190        0x0 graphic.o
 .bss           0x0000000000311190        0x0 dsctbl.o
 .bss           0x0000000000311190        0x0 int.o
 .bss           0x0000000000311190        0x0 fifo.o
 .bss           0x0000000000311190        0x0 keyboard.o
 .bss           0x0000000000311190        0x0 mouse.o
 .bss           0x0000000000311190        0x0 golibc/golibc.lib(sprintf.o)
 .bss           0x0000000000311190        0x0 golibc/golibc.lib(vsprintf.o)
 .bss           0x0000000000311190        0x0 golibc/golibc.lib(strtoul0.o)
 COMMON         0x0000000000311190       0x18 keyboard.o
                0x0000000000311190                keyfifo
 COMMON         0x00000000003111a8       0x18 mouse.o
                0x00000000003111a8                mousefifo
OUTPUT(tinyos.elf elf32-i386)

.comment        0x0000000000000000       0x30
 .comment       0x0000000000000000       0x30 bootpack.o
                                         0x31 (size before relaxing)
 .comment       0x0000000000000000       0x31 font.o
 .comment       0x0000000000000000       0x31 graphic.o
 .comment       0x0000000000000000       0x31 dsctbl.o
 .comment       0x0000000000000000       0x31 int.o
 .comment       0x0000000000000000       0x31 fifo.o
 .comment       0x0000000000000000       0x31 keyboard.o
 .comment       0x0000000000000000       0x31 mouse.o
 .comment       0x0000000000000000       0x31 golibc/golibc.lib(sprintf.o)
 .comment       0x0000000000000000       0x31 golibc/golibc.lib(vsprintf.o)
 .comment       0x0000000000000000       0x31 golibc/golibc.lib(strtoul0.o)

.note.GNU-stack
                0x0000000000000000        0x0
 .note.GNU-stack
                0x0000000000000000        0x0 bootpack.o
 .note.GNU-stack
                0x0000000000000000        0x0 font.o
 .note.GNU-stack
                0x0000000000000000        0x0 graphic.o
 .note.GNU-stack
                0x0000000000000000        0x0 dsctbl.o
 .note.GNU-stack
                0x0000000000000000        0x0 int.o
 .note.GNU-stack
                0x0000000000000000        0x0 fifo.o
 .note.GNU-stack
                0x0000000000000000        0x0 keyboard.o
 .note.GNU-stack
                0x0000000000000000        0x0 mouse.o
 .note.GNU-stack
                0x0000000000000000        0x0 golibc/golibc.lib(sprintf.o)
 .note.GNU-stack
                0x0000000000000000        0x0 golibc/golibc.lib(vsprintf.o)
 .note.GNU-stack
                0x0000000000000000        0x0 golibc/golibc.lib(strtoul0.o)
