Archive member included because of file (symbol)

golibc/golibc.lib(sprintf.o)  bootpack.o (sprintf)
golibc/golibc.lib(vsprintf.o)
                              golibc/golibc.lib(sprintf.o) (vsprintf)
golibc/golibc.lib(strtoul0.o)
                              golibc/golibc.lib(vsprintf.o) (strtoul0)

Allocating common symbols
Common symbol       size              file

keyfifo             0x18              int.o
mousefifo           0x18              int.o

Memory Configuration

Name             Origin             Length             Attributes
*default*        0x0000000000000000 0xffffffffffffffff

Linker script and memory map

LOAD bootpack.o
LOAD asmfunc.o
LOAD font.o
LOAD graphic.o
LOAD dsctbl.o
LOAD int.o
LOAD fifo.o
LOAD golibc/golibc.lib
                0x0000000000000024                . = 0x24

.text           0x0000000000000030     0x14fa
 *(.text)
 .text          0x0000000000000030      0x3f7 bootpack.o
                0x0000000000000030                _start
                0x0000000000000394                wait_KBC_sendready
                0x00000000000003b3                init_keyboard
                0x00000000000003ed                enable_mouse
 *fill*         0x0000000000000427        0x9 00
 .text          0x0000000000000430       0xb4 asmfunc.o
                0x0000000000000430                io_hlt
                0x0000000000000432                io_cli
                0x0000000000000434                io_sti
                0x0000000000000436                io_stihlt
                0x0000000000000439                io_in8
                0x0000000000000444                io_in16
                0x0000000000000450                io_in32
                0x0000000000000456                io_out8
                0x0000000000000460                io_out16
                0x000000000000046b                io_out32
                0x0000000000000475                io_load_eflags
                0x0000000000000478                io_store_eflags
                0x000000000000047f                load_gdtr
                0x000000000000048f                load_idtr
                0x000000000000049f                asm_inthandler21
                0x00000000000004b6                asm_inthandler27
                0x00000000000004cd                asm_inthandler2c
 .text          0x00000000000004e4        0x0 font.o
 .text          0x00000000000004e4      0x6fd graphic.o
                0x00000000000004e4                init_palette
                0x0000000000000508                set_palette
                0x00000000000005ad                boxfill8
                0x00000000000005f6                init_screen8
                0x000000000000097d                putfont8
                0x0000000000000a7a                putfonts8_asc
                0x0000000000000ada                init_mouse_cursor8
                0x0000000000000b84                putblock8_8
 *fill*         0x0000000000000be1        0x3 00
 .text          0x0000000000000be4      0x244 dsctbl.o
                0x0000000000000be4                init_gdtidt
                0x0000000000000d6a                set_segmdesc
                0x0000000000000de4                set_gatedesc
 .text          0x0000000000000e28      0x1a6 int.o
                0x0000000000000e28                init_pic
                0x0000000000000f20                inthandler21
                0x0000000000000f5f                inthandler2c
                0x0000000000000fb2                inthandler27
 *fill*         0x0000000000000fce        0x2 00
 .text          0x0000000000000fd0      0x144 fifo.o
                0x0000000000000fd0                fifo8_init
                0x000000000000100d                fifo8_put
                0x000000000000108d                fifo8_get
                0x00000000000010fd                fifo8_status
 .text          0x0000000000001114       0x17 golibc/golibc.lib(sprintf.o)
                0x0000000000001114                sprintf
 *fill*         0x000000000000112b        0x1 00
 .text          0x000000000000112c      0x2fd golibc/golibc.lib(vsprintf.o)
                0x000000000000112c                vsprintf
 *fill*         0x0000000000001429        0x3 00
 .text          0x000000000000142c       0xfe golibc/golibc.lib(strtoul0.o)
                0x000000000000145f                strtoul0

.iplt           0x0000000000001530        0x0
 .iplt          0x0000000000000000        0x0 bootpack.o

.eh_frame       0x000000000000152c      0x3c8
 *(.eh_frame)
 .eh_frame      0x000000000000152c       0x94 bootpack.o
 .eh_frame      0x00000000000015c0      0x108 graphic.o
                                        0x120 (size before relaxing)
 .eh_frame      0x00000000000016c8       0x60 dsctbl.o
                                         0x78 (size before relaxing)
 .eh_frame      0x0000000000001728       0x80 int.o
                                         0x98 (size before relaxing)
 .eh_frame      0x00000000000017a8       0x80 fifo.o
                                         0x98 (size before relaxing)
 .eh_frame      0x0000000000001828       0x30 golibc/golibc.lib(sprintf.o)
                                         0x48 (size before relaxing)
 .eh_frame      0x0000000000001858       0x50 golibc/golibc.lib(vsprintf.o)
                                         0x68 (size before relaxing)
 .eh_frame      0x00000000000018a8       0x4c golibc/golibc.lib(strtoul0.o)
                                         0x64 (size before relaxing)
                0x0000000000310000                . = 0x310000

.rodata         0x0000000000310000        0xe
 *(.rodata)
 .rodata        0x0000000000310000        0xe bootpack.o

.rel.dyn        0x0000000000310010        0x0
 .rel.iplt      0x0000000000000000        0x0 bootpack.o
 .rel.text      0x0000000000000000        0x0 bootpack.o

.data           0x0000000000310020     0x1150
 *(.data)
 .data          0x0000000000310020        0x0 bootpack.o
 .data          0x0000000000310020     0x1000 font.o
                0x0000000000310020                g_font
 .data          0x0000000000311020      0x130 graphic.o
 .data          0x0000000000311150        0x0 dsctbl.o
 .data          0x0000000000311150        0x0 int.o
 .data          0x0000000000311150        0x0 fifo.o
 .data          0x0000000000311150        0x0 golibc/golibc.lib(sprintf.o)
 .data          0x0000000000311150       0x20 golibc/golibc.lib(vsprintf.o)
 .data          0x0000000000311170        0x0 golibc/golibc.lib(strtoul0.o)

.igot.plt       0x0000000000311170        0x0
 .igot.plt      0x0000000000000000        0x0 bootpack.o

.bss            0x0000000000311170       0x30
 *(.bss)
 .bss           0x0000000000311170        0x0 bootpack.o
 .bss           0x0000000000311170        0x0 font.o
 .bss           0x0000000000311170        0x0 graphic.o
 .bss           0x0000000000311170        0x0 dsctbl.o
 .bss           0x0000000000311170        0x0 int.o
 .bss           0x0000000000311170        0x0 fifo.o
 .bss           0x0000000000311170        0x0 golibc/golibc.lib(sprintf.o)
 .bss           0x0000000000311170        0x0 golibc/golibc.lib(vsprintf.o)
 .bss           0x0000000000311170        0x0 golibc/golibc.lib(strtoul0.o)
 COMMON         0x0000000000311170       0x30 int.o
                0x0000000000311170                keyfifo
                0x0000000000311188                mousefifo
OUTPUT(tinyos.elf elf32-i386)

.comment        0x0000000000000000       0x30
 .comment       0x0000000000000000       0x30 bootpack.o
                                         0x31 (size before relaxing)
 .comment       0x0000000000000000       0x31 font.o
 .comment       0x0000000000000000       0x31 graphic.o
 .comment       0x0000000000000000       0x31 dsctbl.o
 .comment       0x0000000000000000       0x31 int.o
 .comment       0x0000000000000000       0x31 fifo.o
 .comment       0x0000000000000000       0x31 golibc/golibc.lib(sprintf.o)
 .comment       0x0000000000000000       0x31 golibc/golibc.lib(vsprintf.o)
 .comment       0x0000000000000000       0x31 golibc/golibc.lib(strtoul0.o)

.note.GNU-stack
                0x0000000000000000        0x0
 .note.GNU-stack
                0x0000000000000000        0x0 bootpack.o
 .note.GNU-stack
                0x0000000000000000        0x0 font.o
 .note.GNU-stack
                0x0000000000000000        0x0 graphic.o
 .note.GNU-stack
                0x0000000000000000        0x0 dsctbl.o
 .note.GNU-stack
                0x0000000000000000        0x0 int.o
 .note.GNU-stack
                0x0000000000000000        0x0 fifo.o
 .note.GNU-stack
                0x0000000000000000        0x0 golibc/golibc.lib(sprintf.o)
 .note.GNU-stack
                0x0000000000000000        0x0 golibc/golibc.lib(vsprintf.o)
 .note.GNU-stack
                0x0000000000000000        0x0 golibc/golibc.lib(strtoul0.o)
