Archive member included because of file (symbol)

out/golibc/golibc.a(sprintf.o)
                              out/kernel/bootpack.o (sprintf)
out/golibc/golibc.a(vsprintf.o)
                              out/golibc/golibc.a(sprintf.o) (vsprintf)
out/golibc/golibc.a(strtoul0.o)
                              out/golibc/golibc.a(vsprintf.o) (strtoul0)

Allocating common symbols
Common symbol       size              file

g_memman            0xc               out/kernel/bootpack.o
keyfifo             0x18              out/kernel/keyboard.o
mousefifo           0x18              out/kernel/mouse.o

Memory Configuration

Name             Origin             Length             Attributes
*default*        0x0000000000000000 0xffffffffffffffff

Linker script and memory map

                0x0000000000000024                . = 0x24

.text           0x0000000000000030     0x29f6
 *(.text)
 .text          0x0000000000000030      0x7c9 out/kernel/bootpack.o
                0x0000000000000030                _start
 *fill*         0x00000000000007f9        0x3 00
 .text          0x00000000000007fc      0x244 out/kernel/dsctbl.o
                0x00000000000007fc                init_gdtidt
                0x0000000000000982                set_segmdesc
                0x00000000000009fc                set_gatedesc
 .text          0x0000000000000a40      0x144 out/kernel/fifo.o
                0x0000000000000a40                fifo8_init
                0x0000000000000a7d                fifo8_put
                0x0000000000000afd                fifo8_get
                0x0000000000000b6d                fifo8_status
 .text          0x0000000000000b84      0x7af out/kernel/graphic.o
                0x0000000000000b84                draw_rect
                0x0000000000000bd7                init_screen
                0x0000000000001030                draw_font
                0x000000000000116d                draw_string
                0x00000000000011cf                init_mouse_cursor
                0x00000000000012bc                draw_block
 *fill*         0x0000000000001333        0x1 00
 .text          0x0000000000001334      0x114 out/kernel/int.o
                0x0000000000001334                init_pic
                0x000000000000142c                inthandler27
 .text          0x0000000000001448       0x98 out/kernel/keyboard.o
                0x0000000000001448                inthandler21
                0x0000000000001487                wait_KBC_sendready
                0x00000000000014a6                init_keyboard
 .text          0x00000000000014e0      0x1d3 out/kernel/mouse.o
                0x00000000000014e0                inthandler2c
                0x0000000000001533                enable_mouse
                0x0000000000001574                mouse_decode
 *fill*         0x00000000000016b3        0x1 00
 .text          0x00000000000016b4      0x576 out/kernel/memory.o
                0x00000000000016b4                memtest
                0x0000000000001762                memtest_sub
                0x00000000000017ce                memman_init
                0x000000000000181d                memman_total
                0x0000000000001852                memman_alloc
                0x0000000000001982                memman_free
                0x0000000000001bc3                memman_alloc_4k
                0x0000000000001bf3                memman_free_4k
 *fill*         0x0000000000001c2a        0x2 00
 .text          0x0000000000001c2c      0x64b out/kernel/sheet.o
                0x0000000000001c2c                shtctl_init
                0x0000000000001ca7                sheet_alloc
                0x0000000000001d0e                sheet_setbuf
                0x0000000000001d36                sheet_refreshsub
                0x0000000000001ee2                sheet_updown
                0x0000000000002145                sheet_refresh
                0x00000000000021a1                sheet_slide
                0x0000000000002241                sheet_free
 *fill*         0x0000000000002277        0x9 00
 .text          0x0000000000002280       0xc0 out/kernel/nasmfunc.o
                0x0000000000002280                io_hlt
                0x0000000000002282                io_cli
                0x0000000000002284                io_sti
                0x0000000000002286                io_stihlt
                0x0000000000002289                io_in8
                0x0000000000002294                io_in16
                0x00000000000022a0                io_in32
                0x00000000000022a6                io_out8
                0x00000000000022b0                io_out16
                0x00000000000022bb                io_out32
                0x00000000000022c5                io_load_eflags
                0x00000000000022c8                io_store_eflags
                0x00000000000022cf                load_gdtr
                0x00000000000022df                load_idtr
                0x00000000000022ef                load_cr0
                0x00000000000022f3                store_cr0
                0x00000000000022fb                asm_inthandler21
                0x0000000000002312                asm_inthandler27
                0x0000000000002329                asm_inthandler2c
 .text          0x0000000000002340        0x0 out/kernel/font.o
 .text          0x0000000000002340       0x2f out/golibc/golibc.a(sprintf.o)
                0x0000000000002340                sprintf
 *fill*         0x000000000000236f        0x1 00
 .text          0x0000000000002370      0x518 out/golibc/golibc.a(vsprintf.o)
                0x00000000000023c3                vsprintf
 .text          0x0000000000002888      0x19e out/golibc/golibc.a(strtoul0.o)
                0x00000000000028d0                strtoul0

.iplt           0x0000000000002a30        0x0
 .iplt          0x0000000000000000        0x0 out/kernel/bootpack.o

.eh_frame       0x0000000000002a28      0x590
 *(.eh_frame)
 .eh_frame      0x0000000000002a28       0x34 out/kernel/bootpack.o
 .eh_frame      0x0000000000002a5c       0x60 out/kernel/dsctbl.o
                                         0x78 (size before relaxing)
 .eh_frame      0x0000000000002abc       0x80 out/kernel/fifo.o
                                         0x98 (size before relaxing)
 .eh_frame      0x0000000000002b3c       0xc8 out/kernel/graphic.o
                                         0xe0 (size before relaxing)
 .eh_frame      0x0000000000002c04       0x40 out/kernel/int.o
                                         0x58 (size before relaxing)
 .eh_frame      0x0000000000002c44       0x60 out/kernel/keyboard.o
                                         0x78 (size before relaxing)
 .eh_frame      0x0000000000002ca4       0x60 out/kernel/mouse.o
                                         0x78 (size before relaxing)
 .eh_frame      0x0000000000002d04      0x100 out/kernel/memory.o
                                        0x118 (size before relaxing)
 .eh_frame      0x0000000000002e04      0x10c out/kernel/sheet.o
                                        0x124 (size before relaxing)
 .eh_frame      0x0000000000002f10       0x20 out/golibc/golibc.a(sprintf.o)
                                         0x38 (size before relaxing)
 .eh_frame      0x0000000000002f30       0x48 out/golibc/golibc.a(vsprintf.o)
                                         0x60 (size before relaxing)
 .eh_frame      0x0000000000002f78       0x40 out/golibc/golibc.a(strtoul0.o)
                                         0x58 (size before relaxing)
                0x0000000000310000                . = 0x310000

.rodata         0x0000000000310000       0x38
 *(.rodata)
 .rodata        0x0000000000310000       0x38 out/kernel/bootpack.o

.rel.dyn        0x0000000000310038        0x0
 .rel.iplt      0x0000000000000000        0x0 out/kernel/bootpack.o
 .rel.text      0x0000000000000000        0x0 out/kernel/bootpack.o

.data           0x0000000000310040     0x1160
 *(.data)
 .data          0x0000000000310040        0x0 out/kernel/bootpack.o
 .data          0x0000000000310040        0x0 out/kernel/dsctbl.o
 .data          0x0000000000310040        0x0 out/kernel/fifo.o
 .data          0x0000000000310040      0x140 out/kernel/graphic.o
                0x0000000000310040                COL24_FF0000
                0x0000000000310043                COL24_00FF00
                0x0000000000310046                COL24_FFFF00
                0x0000000000310049                COL24_0000FF
                0x000000000031004c                COL24_FF00FF
                0x000000000031004f                COL24_00FFFF
                0x0000000000310052                COL24_FFFFFF
                0x0000000000310055                COL24_C6C6C6
                0x0000000000310058                COL24_840000
                0x000000000031005b                COL24_008400
                0x000000000031005e                COL24_848400
                0x0000000000310061                COL24_000084
                0x0000000000310064                COL24_840084
                0x0000000000310067                COL24_008484
                0x000000000031006a                COL24_848484
 .data          0x0000000000310180        0x0 out/kernel/int.o
 .data          0x0000000000310180        0x0 out/kernel/keyboard.o
 .data          0x0000000000310180        0x0 out/kernel/mouse.o
 .data          0x0000000000310180        0x0 out/kernel/memory.o
 .data          0x0000000000310180        0x0 out/kernel/sheet.o
 .data          0x0000000000310180     0x1000 out/kernel/font.o
                0x0000000000310180                g_font
 .data          0x0000000000311180        0x0 out/golibc/golibc.a(sprintf.o)
 .data          0x0000000000311180       0x20 out/golibc/golibc.a(vsprintf.o)
 .data          0x00000000003111a0        0x0 out/golibc/golibc.a(strtoul0.o)

.igot.plt       0x00000000003111a0        0x0
 .igot.plt      0x0000000000000000        0x0 out/kernel/bootpack.o

.bss            0x00000000003111a0       0x40
 *(.bss)
 .bss           0x00000000003111a0        0x0 out/kernel/bootpack.o
 .bss           0x00000000003111a0        0x0 out/kernel/dsctbl.o
 .bss           0x00000000003111a0        0x0 out/kernel/fifo.o
 .bss           0x00000000003111a0        0x3 out/kernel/graphic.o
                0x00000000003111a0                COL24_000000
 *fill*         0x00000000003111a3        0x1 00
 .bss           0x00000000003111a4        0x0 out/kernel/int.o
 .bss           0x00000000003111a4        0x0 out/kernel/keyboard.o
 .bss           0x00000000003111a4        0x0 out/kernel/mouse.o
 .bss           0x00000000003111a4        0x0 out/kernel/memory.o
 .bss           0x00000000003111a4        0x0 out/kernel/sheet.o
 .bss           0x00000000003111a4        0x0 out/kernel/font.o
 .bss           0x00000000003111a4        0x0 out/golibc/golibc.a(sprintf.o)
 .bss           0x00000000003111a4        0x0 out/golibc/golibc.a(vsprintf.o)
 .bss           0x00000000003111a4        0x0 out/golibc/golibc.a(strtoul0.o)
 COMMON         0x00000000003111a4        0xc out/kernel/bootpack.o
                0x00000000003111a4                g_memman
 COMMON         0x00000000003111b0       0x18 out/kernel/keyboard.o
                0x00000000003111b0                keyfifo
 COMMON         0x00000000003111c8       0x18 out/kernel/mouse.o
                0x00000000003111c8                mousefifo
LOAD out/kernel/bootpack.o
LOAD out/kernel/dsctbl.o
LOAD out/kernel/fifo.o
LOAD out/kernel/graphic.o
LOAD out/kernel/int.o
LOAD out/kernel/keyboard.o
LOAD out/kernel/mouse.o
LOAD out/kernel/memory.o
LOAD out/kernel/sheet.o
LOAD out/kernel/nasmfunc.o
LOAD out/kernel/font.o
LOAD out/golibc/golibc.a
OUTPUT(out/kernel/kernel.elf elf32-i386)

.debug_info     0x0000000000000000     0x1e68
 .debug_info    0x0000000000000000      0x4c9 out/kernel/bootpack.o
 .debug_info    0x00000000000004c9      0x1e7 out/kernel/dsctbl.o
 .debug_info    0x00000000000006b0      0x192 out/kernel/fifo.o
 .debug_info    0x0000000000000842      0x4a9 out/kernel/graphic.o
 .debug_info    0x0000000000000ceb       0x8c out/kernel/int.o
 .debug_info    0x0000000000000d77      0x124 out/kernel/keyboard.o
 .debug_info    0x0000000000000e9b      0x1c1 out/kernel/mouse.o
 .debug_info    0x000000000000105c      0x3ec out/kernel/memory.o
 .debug_info    0x0000000000001448      0x5bd out/kernel/sheet.o
 .debug_info    0x0000000000001a05       0x57 out/kernel/font.o
 .debug_info    0x0000000000001a5c       0xa1 out/golibc/golibc.a(sprintf.o)
 .debug_info    0x0000000000001afd      0x253 out/golibc/golibc.a(vsprintf.o)
 .debug_info    0x0000000000001d50      0x118 out/golibc/golibc.a(strtoul0.o)

.debug_abbrev   0x0000000000000000      0x9b0
 .debug_abbrev  0x0000000000000000       0xd8 out/kernel/bootpack.o
 .debug_abbrev  0x00000000000000d8       0xaa out/kernel/dsctbl.o
 .debug_abbrev  0x0000000000000182       0xd4 out/kernel/fifo.o
 .debug_abbrev  0x0000000000000256       0xe1 out/kernel/graphic.o
 .debug_abbrev  0x0000000000000337       0x6e out/kernel/int.o
 .debug_abbrev  0x00000000000003a5       0xbb out/kernel/keyboard.o
 .debug_abbrev  0x0000000000000460       0xe0 out/kernel/mouse.o
 .debug_abbrev  0x0000000000000540       0xeb out/kernel/memory.o
 .debug_abbrev  0x000000000000062b      0x10f out/kernel/sheet.o
 .debug_abbrev  0x000000000000073a       0x42 out/kernel/font.o
 .debug_abbrev  0x000000000000077c       0x90 out/golibc/golibc.a(sprintf.o)
 .debug_abbrev  0x000000000000080c       0xf1 out/golibc/golibc.a(vsprintf.o)
 .debug_abbrev  0x00000000000008fd       0xb3 out/golibc/golibc.a(strtoul0.o)

.debug_loc      0x0000000000000000      0x968
 .debug_loc     0x0000000000000000       0x2c out/kernel/bootpack.o
 .debug_loc     0x000000000000002c       0xa8 out/kernel/dsctbl.o
 .debug_loc     0x00000000000000d4       0xe0 out/kernel/fifo.o
 .debug_loc     0x00000000000001b4      0x150 out/kernel/graphic.o
 .debug_loc     0x0000000000000304       0x70 out/kernel/int.o
 .debug_loc     0x0000000000000374       0xa8 out/kernel/keyboard.o
 .debug_loc     0x000000000000041c       0xa8 out/kernel/mouse.o
 .debug_loc     0x00000000000004c4      0x1c0 out/kernel/memory.o
 .debug_loc     0x0000000000000684      0x1c0 out/kernel/sheet.o
 .debug_loc     0x0000000000000844       0x38 out/golibc/golibc.a(sprintf.o)
 .debug_loc     0x000000000000087c       0x7c out/golibc/golibc.a(vsprintf.o)
 .debug_loc     0x00000000000008f8       0x70 out/golibc/golibc.a(strtoul0.o)

.debug_aranges  0x0000000000000000      0x180
 .debug_aranges
                0x0000000000000000       0x20 out/kernel/bootpack.o
 .debug_aranges
                0x0000000000000020       0x20 out/kernel/dsctbl.o
 .debug_aranges
                0x0000000000000040       0x20 out/kernel/fifo.o
 .debug_aranges
                0x0000000000000060       0x20 out/kernel/graphic.o
 .debug_aranges
                0x0000000000000080       0x20 out/kernel/int.o
 .debug_aranges
                0x00000000000000a0       0x20 out/kernel/keyboard.o
 .debug_aranges
                0x00000000000000c0       0x20 out/kernel/mouse.o
 .debug_aranges
                0x00000000000000e0       0x20 out/kernel/memory.o
 .debug_aranges
                0x0000000000000100       0x20 out/kernel/sheet.o
 .debug_aranges
                0x0000000000000120       0x20 out/golibc/golibc.a(sprintf.o)
 .debug_aranges
                0x0000000000000140       0x20 out/golibc/golibc.a(vsprintf.o)
 .debug_aranges
                0x0000000000000160       0x20 out/golibc/golibc.a(strtoul0.o)

.debug_line     0x0000000000000000      0x9a9
 .debug_line    0x0000000000000000       0xe3 out/kernel/bootpack.o
 .debug_line    0x00000000000000e3       0x9c out/kernel/dsctbl.o
 .debug_line    0x000000000000017f       0x6c out/kernel/fifo.o
 .debug_line    0x00000000000001eb      0x155 out/kernel/graphic.o
 .debug_line    0x0000000000000340       0x59 out/kernel/int.o
 .debug_line    0x0000000000000399       0x61 out/kernel/keyboard.o
 .debug_line    0x00000000000003fa       0x7a out/kernel/mouse.o
 .debug_line    0x0000000000000474      0x164 out/kernel/memory.o
 .debug_line    0x00000000000005d8      0x182 out/kernel/sheet.o
 .debug_line    0x000000000000075a       0x32 out/kernel/font.o
 .debug_line    0x000000000000078c       0x43 out/golibc/golibc.a(sprintf.o)
 .debug_line    0x00000000000007cf      0x148 out/golibc/golibc.a(vsprintf.o)
 .debug_line    0x0000000000000917       0x92 out/golibc/golibc.a(strtoul0.o)

.debug_str      0x0000000000000000      0x710
 .debug_str     0x0000000000000000      0x1b4 out/kernel/bootpack.o
                                        0x1e9 (size before relaxing)
 .debug_str     0x00000000000001b4       0xd2 out/kernel/dsctbl.o
                                        0x13c (size before relaxing)
 .debug_str     0x0000000000000286       0x3f out/kernel/fifo.o
                                         0xc4 (size before relaxing)
 .debug_str     0x00000000000002c5      0x125 out/kernel/graphic.o
                                        0x1e2 (size before relaxing)
 .debug_str     0x00000000000003ea       0x23 out/kernel/int.o
                                         0x8d (size before relaxing)
 .debug_str     0x000000000000040d       0x40 out/kernel/keyboard.o
                                         0xcd (size before relaxing)
 .debug_str     0x000000000000044d       0x36 out/kernel/mouse.o
                                         0xda (size before relaxing)
 .debug_str     0x0000000000000483       0xc5 out/kernel/memory.o
                                        0x167 (size before relaxing)
 .debug_str     0x0000000000000548       0x8d out/kernel/sheet.o
                                        0x182 (size before relaxing)
 .debug_str     0x00000000000005d5       0x12 out/kernel/font.o
                                         0x6b (size before relaxing)
 .debug_str     0x00000000000005e7       0x36 out/golibc/golibc.a(sprintf.o)
                                         0x77 (size before relaxing)
 .debug_str     0x000000000000061d       0xb1 out/golibc/golibc.a(vsprintf.o)
                                        0x12f (size before relaxing)
 .debug_str     0x00000000000006ce       0x42 out/golibc/golibc.a(strtoul0.o)
                                         0xa1 (size before relaxing)

.comment        0x0000000000000000       0x5a
 .comment       0x0000000000000000       0x30 out/kernel/bootpack.o
                                         0x31 (size before relaxing)
 .comment       0x0000000000000000       0x31 out/kernel/dsctbl.o
 .comment       0x0000000000000000       0x31 out/kernel/fifo.o
 .comment       0x0000000000000000       0x31 out/kernel/graphic.o
 .comment       0x0000000000000000       0x31 out/kernel/int.o
 .comment       0x0000000000000000       0x31 out/kernel/keyboard.o
 .comment       0x0000000000000000       0x31 out/kernel/mouse.o
 .comment       0x0000000000000000       0x31 out/kernel/memory.o
 .comment       0x0000000000000000       0x31 out/kernel/sheet.o
 .comment       0x0000000000000000       0x31 out/kernel/font.o
 .comment       0x0000000000000030       0x2a out/golibc/golibc.a(sprintf.o)
                                         0x2b (size before relaxing)
 .comment       0x0000000000000000       0x2b out/golibc/golibc.a(vsprintf.o)
 .comment       0x0000000000000000       0x2b out/golibc/golibc.a(strtoul0.o)

.note.GNU-stack
                0x0000000000000000        0x0
 .note.GNU-stack
                0x0000000000000000        0x0 out/kernel/bootpack.o
 .note.GNU-stack
                0x0000000000000000        0x0 out/kernel/dsctbl.o
 .note.GNU-stack
                0x0000000000000000        0x0 out/kernel/fifo.o
 .note.GNU-stack
                0x0000000000000000        0x0 out/kernel/graphic.o
 .note.GNU-stack
                0x0000000000000000        0x0 out/kernel/int.o
 .note.GNU-stack
                0x0000000000000000        0x0 out/kernel/keyboard.o
 .note.GNU-stack
                0x0000000000000000        0x0 out/kernel/mouse.o
 .note.GNU-stack
                0x0000000000000000        0x0 out/kernel/memory.o
 .note.GNU-stack
                0x0000000000000000        0x0 out/kernel/sheet.o
 .note.GNU-stack
                0x0000000000000000        0x0 out/kernel/font.o
 .note.GNU-stack
                0x0000000000000000        0x0 out/golibc/golibc.a(sprintf.o)
 .note.GNU-stack
                0x0000000000000000        0x0 out/golibc/golibc.a(vsprintf.o)
 .note.GNU-stack
                0x0000000000000000        0x0 out/golibc/golibc.a(strtoul0.o)

.debug_ranges   0x0000000000000000       0x18
 .debug_ranges  0x0000000000000000       0x18 out/kernel/memory.o
